// Jest Snapshot v1, https://goo.gl/fbAQLP

exports[`render editexpense 1`] = `
<div>
  <ExpenseForm
    expense={
      Object {
        "amount": 3321,
        "createdAt": 345600000,
        "description": "estas",
        "id": "2",
        "note": "",
      }
    }
    onSubmit={[Function]}
  />
  <button
    onClick={[Function]}
  >
    Eliminar
  </button>
</div>
`;
