// Jest Snapshot v1, https://goo.gl/fbAQLP

exports[`render expenselist con expenses 1`] = `
<div>
  <ExpenseListItem
    amount={2321}
    createdAt={0}
    description="hola"
    id="0"
    key="0"
    note=""
  />
  <ExpenseListItem
    amount={11321}
    createdAt={-345600000}
    description="como"
    id="1"
    key="1"
    note=""
  />
  <ExpenseListItem
    amount={3321}
    createdAt={345600000}
    description="estas"
    id="2"
    key="2"
    note=""
  />
</div>
`;

exports[`render expenselist sin expenses 1`] = `
<div>
  <p>
    No Expenses
  </p>
</div>
`;
